// Jest Snapshot v1, https://goo.gl/fbAQLP

exports[`Modal => renders correctly when there is a Modal 1`] = `
<div
  className="modalWrapper"
  data-testid="close-modal"
  onClick={[Function]}
>
  <div
    className="modalContainer"
    data-testid="modal-container"
  >
    <div>
      <img
        alt=""
        data-testid="modal-image"
        src="https://via.placeholder.com/300x300/09f/fff.png"
      />
    </div>
    <h3
      data-testid="modal-title"
    >
      Lorem ipsum dolor sit amet, consectetur adipiscing elit
    </h3>
    <p
      data-testid="modal-description"
    >
      Lorem ipsum dolor sit amet, consectetur adipiscing elit, sed do eiusmod tempor incididunt ut labore et dolore magna aliqua. Ut enim ad minim veniam, quis nostrud exercitation ullamco laboris nisi ut aliquip ex ea commodo consequat. Duis aute irure dolor in reprehenderit in voluptate velit esse cillum dolore eu fugiat nulla pariatur. Excepteur sint occaecat cupidatat non proident, sunt in culpa qui officia deserunt mollit anim id est laborum.
    </p>
  </div>
</div>
`;
