// Jest Snapshot v1, https://goo.gl/fbAQLP

exports[`renders correctly when there is a Gallery 1`] = `
<div
  className="galleryItem"
>
  <div
    className="imageContainer"
    data-testid="gallery-item-image"
    onClick={[Function]}
    style={
      Object {
        "backgroundImage": "url(https://via.placeholder.com/300x300/09f/fff.png)",
      }
    }
  />
  <h2>
    Lorem ipsum dolor sit amet, consectetur adipiscing elit
  </h2>
</div>
`;
